c:\users\meherab\desktop\br mode by death engine\example_win32_directx11\x64\release\vc145.pdb
c:\users\meherab\desktop\br mode by death engine\example_win32_directx11\x64\release\downplayer.obj
c:\users\meherab\desktop\br mode by death engine\example_win32_directx11\x64\release\nogravityfly.obj
c:\users\meherab\desktop\br mode by death engine\example_win32_directx11\x64\release\telekill.obj
c:\users\meherab\desktop\br mode by death engine\example_win32_directx11\x64\release\data.obj
c:\users\meherab\desktop\br mode by death engine\example_win32_directx11\x64\release\teleportmark.obj
c:\users\meherab\desktop\br mode by death engine\example_win32_directx11\x64\release\spinbot.obj
c:\users\meherab\desktop\br mode by death engine\example_win32_directx11\x64\release\weaponattributes.obj
c:\users\meherab\desktop\br mode by death engine\example_win32_directx11\x64\release\noreload.obj
c:\users\meherab\desktop\br mode by death engine\example_win32_directx11\x64\release\sniper.obj
c:\users\meherab\desktop\br mode by death engine\example_win32_directx11\x64\release\visionhack.obj
c:\users\meherab\desktop\br mode by death engine\example_win32_directx11\x64\release\norecoil.obj
c:\users\meherab\desktop\br mode by death engine\example_win32_directx11\x64\release\infiniteammo.obj
c:\users\meherab\desktop\br mode by death engine\example_win32_directx11\x64\release\fastfire.obj
c:\users\meherab\desktop\br mode by death engine\example_win32_directx11\x64\release\speedtimer.obj
c:\users\meherab\desktop\br mode by death engine\example_win32_directx11\x64\release\speedhack.obj
c:\users\meherab\desktop\br mode by death engine\example_win32_directx11\x64\release\fastmedkit.obj
c:\users\meherab\desktop\br mode by death engine\example_win32_directx11\x64\release\camrigth.obj
c:\users\meherab\desktop\br mode by death engine\example_win32_directx11\x64\release\aimlock.obj
c:\users\meherab\desktop\br mode by death engine\example_win32_directx11\x64\release\brutalsilent.obj
c:\users\meherab\desktop\br mode by death engine\example_win32_directx11\x64\release\aimbot.obj
c:\users\meherab\desktop\br mode by death engine\example_win32_directx11\x64\release\adb_utils.obj
c:\users\meherab\desktop\br mode by death engine\example_win32_directx11\x64\release\adb.obj
c:\users\meherab\desktop\br mode by death engine\example_win32_directx11\x64\release\main.obj
c:\users\meherab\desktop\br mode by death engine\example_win32_directx11\x64\release\launcher_entry.obj
c:\users\meherab\desktop\br mode by death engine\example_win32_directx11\x64\release\imspinner.obj
c:\users\meherab\desktop\br mode by death engine\example_win32_directx11\x64\release\filename.obj
c:\users\meherab\desktop\br mode by death engine\example_win32_directx11\x64\release\imgui_widgets.obj
c:\users\meherab\desktop\br mode by death engine\example_win32_directx11\x64\release\imgui_tables.obj
c:\users\meherab\desktop\br mode by death engine\example_win32_directx11\x64\release\imgui_stdlib.obj
c:\users\meherab\desktop\br mode by death engine\example_win32_directx11\x64\release\imgui_impl_win32.obj
c:\users\meherab\desktop\br mode by death engine\example_win32_directx11\x64\release\imgui_impl_dx11.obj
c:\users\meherab\desktop\br mode by death engine\example_win32_directx11\x64\release\imgui_draw.obj
c:\users\meherab\desktop\br mode by death engine\example_win32_directx11\x64\release\imgui.obj
c:\users\meherab\desktop\br mode by death engine\example_win32_directx11\x64\release\visual.obj
c:\users\meherab\desktop\br mode by death engine\example_win32_directx11\x64\release\namegun.obj
c:\users\meherab\desktop\br mode by death engine\example_win32_directx11\x64\release\upplayer.obj
c:\users\meherab\desktop\br mode by death engine\example_win32_directx11\x64\release\undercam.obj
c:\users\meherab\desktop\br mode by death engine\example_win32_directx11\x64\release\telaparada.obj
c:\users\meherab\desktop\br mode by death engine\example_win32_directx11\x64\release\backjump.obj
c:\users\meherab\desktop\br mode by death engine\example_win32_directx11\x64\release\pullenemy.obj
c:\users\meherab\desktop\br mode by death engine\example_win32_directx11\x64\release\ui.obj
c:\users\meherab\desktop\br mode by death engine\example_win32_directx11\x64\release\render.obj
c:\users\meherab\desktop\br mode by death engine\example_win32_directx11\x64\release\overlay.obj
c:\users\meherab\desktop\br mode by death engine\example_win32_directx11\x64\release\fonts.obj
c:\users\meherab\desktop\br mode by death engine\example_win32_directx11\x64\release\fontstwo.obj
c:\users\meherab\desktop\br mode by death engine\example_win32_directx11\x64\release\trampoline.obj
c:\users\meherab\desktop\br mode by death engine\example_win32_directx11\x64\release\hook.obj
c:\users\meherab\desktop\br mode by death engine\example_win32_directx11\x64\release\hde64.obj
c:\users\meherab\desktop\br mode by death engine\example_win32_directx11\x64\release\hde32.obj
c:\users\meherab\desktop\br mode by death engine\example_win32_directx11\x64\release\buffer.obj
c:\users\meherab\desktop\br mode by death engine\x64\release\wbr bods.dll
c:\users\meherab\desktop\br mode by death engine\x64\release\wbr bods.pdb
c:\users\meherab\desktop\br mode by death engine\example_win32_directx11\x64\release\wbr bods.ipdb
c:\users\meherab\desktop\br mode by death engine\example_win32_directx11\x64\release\wbr bods.iobj
c:\users\meherab\desktop\br mode by death engine\example_win32_directx11\x64\release\death engine.tlog\cl.command.1.tlog
c:\users\meherab\desktop\br mode by death engine\example_win32_directx11\x64\release\death engine.tlog\cl.items.tlog
c:\users\meherab\desktop\br mode by death engine\example_win32_directx11\x64\release\death engine.tlog\cl.read.1.tlog
c:\users\meherab\desktop\br mode by death engine\example_win32_directx11\x64\release\death engine.tlog\cl.write.1.tlog
c:\users\meherab\desktop\br mode by death engine\example_win32_directx11\x64\release\death engine.tlog\link.command.1.tlog
c:\users\meherab\desktop\br mode by death engine\example_win32_directx11\x64\release\death engine.tlog\link.read.1.tlog
c:\users\meherab\desktop\br mode by death engine\example_win32_directx11\x64\release\death engine.tlog\link.secondary.1.tlog
c:\users\meherab\desktop\br mode by death engine\example_win32_directx11\x64\release\death engine.tlog\link.write.1.tlog
